------------------------------------------------------------
TimeQuest Timing Analyzer Summary
------------------------------------------------------------

Type  : Slow Model Setup 'Clock_51'
Slack : -8.186
TNS   : -146.831

Type  : Slow Model Setup 'SW[17]'
Slack : -5.526
TNS   : -4864.617

Type  : Slow Model Setup 'clk_div:inst9|clock_100Hz'
Slack : -1.402
TNS   : -1.946

Type  : Slow Model Setup 'Clock_50'
Slack : -1.223
TNS   : -9.688

Type  : Slow Model Setup 'clk_div:inst9|clock_10Hz_reg'
Slack : -0.238
TNS   : -0.281

Type  : Slow Model Setup 'clk_div:inst9|clock_10Khz_reg'
Slack : -0.209
TNS   : -0.281

Type  : Slow Model Setup 'clk_div:inst9|clock_100Khz_reg'
Slack : -0.208
TNS   : -0.256

Type  : Slow Model Setup 'clk_div:inst9|clock_1Mhz_reg'
Slack : -0.070
TNS   : -0.105

Type  : Slow Model Setup 'clk_div:inst9|clock_100hz_reg'
Slack : -0.069
TNS   : -0.137

Type  : Slow Model Setup 'clk_div:inst9|clock_1Khz_reg'
Slack : -0.069
TNS   : -0.107

Type  : Slow Model Hold 'Clock_50'
Slack : -1.823
TNS   : -1.823

Type  : Slow Model Hold 'SW[17]'
Slack : -1.743
TNS   : -70.096

Type  : Slow Model Hold 'Clock_51'
Slack : 0.391
TNS   : 0.000

Type  : Slow Model Hold 'clk_div:inst9|clock_100Khz_reg'
Slack : 0.391
TNS   : 0.000

Type  : Slow Model Hold 'clk_div:inst9|clock_100hz_reg'
Slack : 0.391
TNS   : 0.000

Type  : Slow Model Hold 'clk_div:inst9|clock_10Hz_reg'
Slack : 0.391
TNS   : 0.000

Type  : Slow Model Hold 'clk_div:inst9|clock_10Khz_reg'
Slack : 0.391
TNS   : 0.000

Type  : Slow Model Hold 'clk_div:inst9|clock_1Khz_reg'
Slack : 0.391
TNS   : 0.000

Type  : Slow Model Hold 'clk_div:inst9|clock_1Mhz_reg'
Slack : 0.391
TNS   : 0.000

Type  : Slow Model Hold 'clk_div:inst9|clock_100Hz'
Slack : 0.523
TNS   : 0.000

Type  : Slow Model Minimum Pulse Width 'SW[17]'
Slack : -2.000
TNS   : -1787.680

Type  : Slow Model Minimum Pulse Width 'Clock_51'
Slack : -1.380
TNS   : -60.380

Type  : Slow Model Minimum Pulse Width 'Clock_50'
Slack : -1.380
TNS   : -18.380

Type  : Slow Model Minimum Pulse Width 'clk_div:inst9|clock_100Hz'
Slack : -0.500
TNS   : -10.000

Type  : Slow Model Minimum Pulse Width 'clk_div:inst9|clock_100Khz_reg'
Slack : -0.500
TNS   : -4.000

Type  : Slow Model Minimum Pulse Width 'clk_div:inst9|clock_100hz_reg'
Slack : -0.500
TNS   : -4.000

Type  : Slow Model Minimum Pulse Width 'clk_div:inst9|clock_10Hz_reg'
Slack : -0.500
TNS   : -4.000

Type  : Slow Model Minimum Pulse Width 'clk_div:inst9|clock_10Khz_reg'
Slack : -0.500
TNS   : -4.000

Type  : Slow Model Minimum Pulse Width 'clk_div:inst9|clock_1Khz_reg'
Slack : -0.500
TNS   : -4.000

Type  : Slow Model Minimum Pulse Width 'clk_div:inst9|clock_1Mhz_reg'
Slack : -0.500
TNS   : -4.000

Type  : Fast Model Setup 'Clock_51'
Slack : -3.355
TNS   : -43.450

Type  : Fast Model Setup 'SW[17]'
Slack : -2.233
TNS   : -1732.082

Type  : Fast Model Setup 'clk_div:inst9|clock_100Hz'
Slack : -0.374
TNS   : -0.374

Type  : Fast Model Setup 'Clock_50'
Slack : -0.083
TNS   : -0.581

Type  : Fast Model Setup 'clk_div:inst9|clock_10Hz_reg'
Slack : 0.432
TNS   : 0.000

Type  : Fast Model Setup 'clk_div:inst9|clock_100Khz_reg'
Slack : 0.439
TNS   : 0.000

Type  : Fast Model Setup 'clk_div:inst9|clock_10Khz_reg'
Slack : 0.439
TNS   : 0.000

Type  : Fast Model Setup 'clk_div:inst9|clock_1Khz_reg'
Slack : 0.504
TNS   : 0.000

Type  : Fast Model Setup 'clk_div:inst9|clock_1Mhz_reg'
Slack : 0.504
TNS   : 0.000

Type  : Fast Model Setup 'clk_div:inst9|clock_100hz_reg'
Slack : 0.508
TNS   : 0.000

Type  : Fast Model Hold 'Clock_50'
Slack : -1.264
TNS   : -1.311

Type  : Fast Model Hold 'SW[17]'
Slack : -0.900
TNS   : -56.246

Type  : Fast Model Hold 'Clock_51'
Slack : 0.215
TNS   : 0.000

Type  : Fast Model Hold 'clk_div:inst9|clock_100Khz_reg'
Slack : 0.215
TNS   : 0.000

Type  : Fast Model Hold 'clk_div:inst9|clock_100hz_reg'
Slack : 0.215
TNS   : 0.000

Type  : Fast Model Hold 'clk_div:inst9|clock_10Hz_reg'
Slack : 0.215
TNS   : 0.000

Type  : Fast Model Hold 'clk_div:inst9|clock_10Khz_reg'
Slack : 0.215
TNS   : 0.000

Type  : Fast Model Hold 'clk_div:inst9|clock_1Khz_reg'
Slack : 0.215
TNS   : 0.000

Type  : Fast Model Hold 'clk_div:inst9|clock_1Mhz_reg'
Slack : 0.215
TNS   : 0.000

Type  : Fast Model Hold 'clk_div:inst9|clock_100Hz'
Slack : 0.239
TNS   : 0.000

Type  : Fast Model Minimum Pulse Width 'SW[17]'
Slack : -2.000
TNS   : -1787.680

Type  : Fast Model Minimum Pulse Width 'Clock_51'
Slack : -1.380
TNS   : -60.380

Type  : Fast Model Minimum Pulse Width 'Clock_50'
Slack : -1.380
TNS   : -18.380

Type  : Fast Model Minimum Pulse Width 'clk_div:inst9|clock_100Hz'
Slack : -0.500
TNS   : -10.000

Type  : Fast Model Minimum Pulse Width 'clk_div:inst9|clock_100Khz_reg'
Slack : -0.500
TNS   : -4.000

Type  : Fast Model Minimum Pulse Width 'clk_div:inst9|clock_100hz_reg'
Slack : -0.500
TNS   : -4.000

Type  : Fast Model Minimum Pulse Width 'clk_div:inst9|clock_10Hz_reg'
Slack : -0.500
TNS   : -4.000

Type  : Fast Model Minimum Pulse Width 'clk_div:inst9|clock_10Khz_reg'
Slack : -0.500
TNS   : -4.000

Type  : Fast Model Minimum Pulse Width 'clk_div:inst9|clock_1Khz_reg'
Slack : -0.500
TNS   : -4.000

Type  : Fast Model Minimum Pulse Width 'clk_div:inst9|clock_1Mhz_reg'
Slack : -0.500
TNS   : -4.000

------------------------------------------------------------
